[pushkarmaurya.me/index.html]
[backblue.gif]
[fade.gif]
[index.html]
[pushkarmaurya.me/stackpath.bootstrapcdn.com/bootstrap/4.5.2/css/bootstrap.min.css]
[pushkarmaurya.me/img/logo2.png]
[pushkarmaurya.me/css/bootstrap.css]
[pushkarmaurya.me/vendors/linericon/style.css]
[pushkarmaurya.me/css/font-awesome.min.css]
[pushkarmaurya.me/vendors/owl-carousel/owl.carousel.min.css]
[pushkarmaurya.me/vendors/lightbox/simpleLightbox.css]
[pushkarmaurya.me/vendors/nice-select/css/nice-select.css]
[pushkarmaurya.me/vendors/animate-css/animate.css]
[pushkarmaurya.me/vendors/popup/magnific-popup.css]
[pushkarmaurya.me/vendors/flaticon/flaticon.css]
[pushkarmaurya.me/css/style.css]
[pushkarmaurya.me/css/responsive.css]
[pushkarmaurya.me/code.jquery.com/jquery-3.5.1.slim.min.js]
[pushkarmaurya.me/cdn.jsdelivr.net/npm/popper.js@1.16.1/dist/umd/popper.min.js]
[pushkarmaurya.me/stackpath.bootstrapcdn.com/bootstrap/4.5.2/js/bootstrap.min.js]
[pushkarmaurya.me/index-2.html]
[pushkarmaurya.me/img/pp (3).jpg]
[pushkarmaurya.me/translate.google.com/translate_a/elementa0d8a0d8.html]
[pushkarmaurya.me/dataeasy.herokuapp.com/assets/images/slider-icon.png]
[pushkarmaurya.me/www.kindpng.com/picc/m/459-4593856_video-conferencing-clipart-png-transparent-png.png]
[pushkarmaurya.me/www.qr-code-generator.com/wp-content/themes/qr/new_structure/markets/core_market_full/generator/dist/generator/assets/images/websiteQRCode_noFrame.png]
[pushkarmaurya.me/cdn.searchenginejournal.com/wp-content/uploads/2020/02/how-hackers-may-be-hurting-your-seo-5e45656cd8c2e.html]
[pushkarmaurya.me/miro.medium.com/max/6406/1_QN0n6KOTKFIGksURddy0Kg.png]
[pushkarmaurya.me/img.freepik.com/free-vector/people-making-list-illustration_53876-43029b5e7b5e7.jpg]
[pushkarmaurya.me/platform.twitter.com/widgets.js]
[pushkarmaurya.me/img/gallery/h1.png]
[pushkarmaurya.me/img/gallery/icon.png]
[pushkarmaurya.me/img/gallery/hackathon.jpg]
[pushkarmaurya.me/img/gallery/project-4.jpg]
[pushkarmaurya.me/img/gallery/project-2.jpg]
[pushkarmaurya.me/img/gallery/project-3.jpg]
[pushkarmaurya.me/code.jquery.com/jquery-2.2.1.min.js]
[pushkarmaurya.me/js/jquery-3.3.1.min.js]
[pushkarmaurya.me/js/popper.js]
[pushkarmaurya.me/js/stellar.js]
[pushkarmaurya.me/vendors/lightbox/simpleLightbox.min.js]
[pushkarmaurya.me/vendors/nice-select/js/jquery.nice-select.min.js]
[pushkarmaurya.me/vendors/isotope/imagesloaded.pkgd.min.js]
[pushkarmaurya.me/vendors/isotope/isotope.pkgd.min.js]
[pushkarmaurya.me/vendors/owl-carousel/owl.carousel.min.js]
[pushkarmaurya.me/vendors/popup/jquery.magnific-popup.min.js]
[pushkarmaurya.me/js/jquery.ajaxchimp.min.js]
[pushkarmaurya.me/vendors/counter-up/jquery.waypoints.min.js]
[pushkarmaurya.me/vendors/counter-up/jquery.counterup.min.js]
[pushkarmaurya.me/js/mail-script.js]
[pushkarmaurya.me/js/theme.js]
[pushkarmaurya.me/index.html]
[pushkarmaurya.me/stackpath.bootstrapcdn.com/bootstrap/4.5.2/css/bootstrap.min.html]
[pushkarmaurya.me/css/bootstrap.css]
[pushkarmaurya.me/vendors/linericon/fonts/Linearicons-Free54e954e9.eot]
[pushkarmaurya.me/vendors/linericon/fonts/Linearicons-Freed41dd41d.eot]
[pushkarmaurya.me/vendors/linericon/fonts/Linearicons-Free54e954e9.woff2]
[pushkarmaurya.me/vendors/linericon/fonts/Linearicons-Free54e954e9.woff]
[pushkarmaurya.me/vendors/linericon/fonts/Linearicons-Free54e954e9.ttf]
[pushkarmaurya.me/vendors/linericon/style.css]
[pushkarmaurya.me/vendors/linericon/fonts/Linearicons-Free54e954e9.svg]
[pushkarmaurya.me/fonts/fontawesome-webfont32953295.eot]
[pushkarmaurya.me/fonts/fontawesome-webfontd41dd41d.eot]
[pushkarmaurya.me/fonts/fontawesome-webfont32953295.woff2]
[pushkarmaurya.me/fonts/fontawesome-webfont32953295.woff]
[pushkarmaurya.me/fonts/fontawesome-webfont32953295.ttf]
[pushkarmaurya.me/css/font-awesome.min.css]
[pushkarmaurya.me/fonts/fontawesome-webfont32953295.svg]
[pushkarmaurya.me/vendors/owl-carousel/owl.carousel.min.css]
[pushkarmaurya.me/vendors/lightbox/simpleLightbox.css]
[pushkarmaurya.me/vendors/nice-select/css/nice-select.css]
[pushkarmaurya.me/vendors/animate-css/animate.css]
[pushkarmaurya.me/vendors/popup/magnific-popup.css]
[pushkarmaurya.me/vendors/flaticon/Flaticon.eot]
[pushkarmaurya.me/vendors/flaticon/Flaticond41dd41d.eot]
[pushkarmaurya.me/vendors/flaticon/Flaticon.woff]
[pushkarmaurya.me/vendors/flaticon/Flaticon.ttf]
[pushkarmaurya.me/vendors/flaticon/flaticon.css]
[pushkarmaurya.me/vendors/flaticon/Flaticon.svg]
[pushkarmaurya.me/img/banner/banner-2.jpg]
[pushkarmaurya.me/img/elements/primary-check.png]
[pushkarmaurya.me/img/elements/success-check.png]
[pushkarmaurya.me/img/elements/disabled-check.png]
[pushkarmaurya.me/img/elements/primary-radio.png]
[pushkarmaurya.me/img/elements/success-radio.png]
[pushkarmaurya.me/img/elements/disabled-radio.png]
[pushkarmaurya.me/css/style.css]
[pushkarmaurya.me/css/responsive.css]
[pushkarmaurya.me/code.jquery.com/jquery-3.5.1.slim.min.html]
[pushkarmaurya.me/cdn.jsdelivr.net/npm/popper.js@1.16.1/dist/umd/popper.min.html]
[pushkarmaurya.me/stackpath.bootstrapcdn.com/bootstrap/4.5.2/js/bootstrap.min.html]
[pushkarmaurya.me/index-2.html]
[pushkarmaurya.me/translate.google.com/translate_a/elementa0d8a0d8.html]
[pushkarmaurya.me/dataeasy.herokuapp.com/assets/images/slider-icon.html]
[pushkarmaurya.me/www.kindpng.com/picc/m/459-4593856_video-conferencing-clipart-png-transparent-png.html]
[pushkarmaurya.me/www.qr-code-generator.com/wp-content/themes/qr/new_structure/markets/core_market_full/generator/dist/generator/assets/images/websiteQRCode_noFrame.html]
[pushkarmaurya.me/cdn.searchenginejournal.com/wp-content/uploads/2020/02/how-hackers-may-be-hurting-your-seo-5e45656cd8c2e.html]
[pushkarmaurya.me/miro.medium.com/max/6406/1_QN0n6KOTKFIGksURddy0Kg.html]
[pushkarmaurya.me/img.freepik.com/free-vector/people-making-list-illustration_53876-43029b5e7b5e7.html]
[pushkarmaurya.me/platform.twitter.com/widgets.html]
[pushkarmaurya.me/code.jquery.com/jquery-2.2.1.min.html]
[pushkarmaurya.me/vendors/linericon/fonts/Linearicons-Free54e954e9.svg]
[pushkarmaurya.me/fonts/fontawesome-webfont32953295.svg]
[pushkarmaurya.me/vendors/owl-carousel/owl.video.play.html]
[pushkarmaurya.me/vendors/flaticon/Flaticon.svg]
[pushkarmaurya.me/img/contact-shap-1.html]
[pushkarmaurya.me/img/contact-shap-2.html]
